waiting for server to start.... done
server started
{"verifiedOwnPostgresPid": 354121, "dataDirectory": "/home/nate/Oxy/.agent-evidence/crowd-registry-pg-7gjwxp98/data", "port": 5621, "liveAccess": false}
$ node ../../node_modules/vitest/vitest.mjs run -t "validates receiver identity and revocation in an isolated loopback process"

[1m[30m[46m RUN [49m[39m[22m [36mv5.0.2 [39m[90m/home/nate/Oxy/CrowdSource/.worktrees/1519-final-sdk-adoption-20261003/packages/backend[39m

 [2m[90m↓[39m[22m src/__tests__/webhookDelivery.integration.test.ts [2m([22m[2m47 tests[22m[2m | [22m[33m47 skipped[39m[2m)[22m
 [2m[90m↓[39m[22m src/__tests__/appeals.integration.test.ts [2m([22m[2m40 tests[22m[2m | [22m[33m40 skipped[39m[2m)[22m
 [2m[90m↓[39m[22m src/__tests__/sortitionPanel.integration.test.ts [2m([22m[2m49 tests[22m[2m | [22m[33m49 skipped[39m[2m)[22m
 [2m[90m↓[39m[22m src/__tests__/docsClaims.test.ts [2m([22m[2m55 tests[22m[2m | [22m[33m55 skipped[39m[2m)[22m
 [2m[90m↓[39m[22m src/__tests__/sortitionRepositories.realdb.test.ts [2m([22m[2m32 tests[22m[2m | [22m[33m32 skipped[39m[2m)[22m
 [2m[90m↓[39m[22m src/__tests__/reviewerFailureModes.integration.test.ts [2m([22m[2m35 tests[22m[2m | [22m[33m35 skipped[39m[2m)[22m
 [2m[90m↓[39m[22m src/__tests__/consoleOperations.integration.test.ts [2m([22m[2m40 tests[22m[2m | [22m[33m40 skipped[39m[2m)[22m
 [2m[90m↓[39m[22m src/__tests__/reviewerRepositories.realdb.test.ts [2m([22m[2m34 tests[22m[2m | [22m[33m34 skipped[39m[2m)[22m
 [2m[90m↓[39m[22m src/__tests__/outboxRepository.realdb.test.ts [2m([22m[2m21 tests[22m[2m | [22m[33m21 skipped[39m[2m)[22m
 [2m[90m↓[39m[22m src/__tests__/consensusDecision.integration.test.ts [2m([22m[2m20 tests[22m[2m | [22m[33m20 skipped[39m[2m)[22m
 [2m[90m↓[39m[22m src/__tests__/scopedRepositories.realdb.test.ts [2m([22m[2m21 tests[22m[2m | [22m[33m21 skipped[39m[2m)[22m
 [2m[90m↓[39m[22m src/__tests__/consoleTrustSafety.integration.test.ts [2m([22m[2m24 tests[22m[2m | [22m[33m24 skipped[39m[2m)[22m
 [2m[90m↓[39m[22m src/__tests__/consensusEngine.test.ts [2m([22m[2m41 tests[22m[2m | [22m[33m41 skipped[39m[2m)[22m
 [2m[90m↓[39m[22m src/__tests__/closedValueSets.realdb.test.ts [2m([22m[2m11 tests[22m[2m | [22m[33m11 skipped[39m[2m)[22m
 [2m[90m↓[39m[22m src/__tests__/appealStandard.test.ts [2m([22m[2m36 tests[22m[2m | [22m[33m36 skipped[39m[2m)[22m
 [2m[90m↓[39m[22m src/__tests__/reviewerOnboarding.integration.test.ts [2m([22m[2m28 tests[22m[2m | [22m[33m28 skipped[39m[2m)[22m
 [2m[90m↓[39m[22m src/__tests__/consoleMembership.integration.test.ts [2m([22m[2m25 tests[22m[2m | [22m[33m25 skipped[39m[2m)[22m
 [2m[90m↓[39m[22m src/__tests__/rlsTenantIsolation.realdb.test.ts [2m([22m[2m13 tests[22m[2m | [22m[33m13 skipped[39m[2m)[22m
 [2m[90m↓[39m[22m src/__tests__/accountErasure.integration.test.ts [2m([22m[2m12 tests[22m[2m | [22m[33m12 skipped[39m[2m)[22m
 [2m[90m↓[39m[22m src/__tests__/webhookDeliveryRepository.realdb.test.ts [2m([22m[2m17 tests[22m[2m | [22m[33m17 skipped[39m[2m)[22m
 [2m[90m↓[39m[22m src/__tests__/communityNotes.integration.test.ts [2m([22m[2m17 tests[22m[2m | [22m[33m17 skipped[39m[2m)[22m
 [2m[90m↓[39m[22m src/__tests__/reviewerAppContract.integration.test.ts [2m([22m[2m9 tests[22m[2m | [22m[33m9 skipped[39m[2m)[22m
 [2m[90m↓[39m[22m src/__tests__/deployWiring.test.ts [2m([22m[2m13 tests[22m[2m | [22m[33m13 skipped[39m[2m)[22m
 [2m[90m↓[39m[22m src/__tests__/sortitionDraw.test.ts [2m([22m[2m26 tests[22m[2m | [22m[33m26 skipped[39m[2m)[22m
 [2m[90m↓[39m[22m src/__tests__/decisionRevision.integration.test.ts [2m([22m[2m13 tests[22m[2m | [22m[33m13 skipped[39m[2m)[22m
 [2m[90m↓[39m[22m src/__tests__/reportIngestion.integration.test.ts [2m([22m[2m23 tests[22m[2m | [22m[33m23 skipped[39m[2m)[22m
 [2m[90m↓[39m[22m src/__tests__/outboxDispatcher.integration.test.ts [2m([22m[2m15 tests[22m[2m | [22m[33m15 skipped[39m[2m)[22m
 [2m[90m↓[39m[22m src/__tests__/consensusRefusals.integration.test.ts [2m([22m[2m15 tests[22m[2m | [22m[33m15 skipped[39m[2m)[22m
 [2m[90m↓[39m[22m src/__tests__/caseDeduplication.integration.test.ts [2m([22m[2m12 tests[22m[2m | [22m[33m12 skipped[39m[2m)[22m
 [2m[90m↓[39m[22m src/__tests__/scopedCaseRepository.realdb.test.ts [2m([22m[2m12 tests[22m[2m | [22m[33m12 skipped[39m[2m)[22m
 [2m[90m↓[39m[22m src/__tests__/reviewerAxes.test.ts [2m([22m[2m12 tests[22m[2m | [22m[33m12 skipped[39m[2m)[22m
 [2m[90m↓[39m[22m src/__tests__/accountEvents.integration.test.ts [2m([22m[2m22 tests[22m[2m | [22m[33m22 skipped[39m[2m)[22m
 [2m[90m↓[39m[22m src/__tests__/reviewerEligibility.test.ts [2m([22m[2m30 tests[22m[2m | [22m[33m30 skipped[39m[2m)[22m
 [2m[90m↓[39m[22m src/__tests__/tenancyRepositories.realdb.test.ts [2m([22m[2m11 tests[22m[2m | [22m[33m11 skipped[39m[2m)[22m
 [2m[90m↓[39m[22m src/__tests__/reviewsRepository.realdb.test.ts [2m([22m[2m13 tests[22m[2m | [22m[33m13 skipped[39m[2m)[22m
 [2m[90m↓[39m[22m src/__tests__/webhookEndpoints.integration.test.ts [2m([22m[2m27 tests[22m[2m | [22m[33m27 skipped[39m[2m)[22m
 [2m[90m↓[39m[22m src/__tests__/postgresTableBoundary.realdb.test.ts [2m([22m[2m15 tests[22m[2m | [22m[33m15 skipped[39m[2m)[22m
 [2m[90m↓[39m[22m src/__tests__/specialistRoute.integration.test.ts [2m([22m[2m8 tests[22m[2m | [22m[33m8 skipped[39m[2m)[22m
 [2m[90m↓[39m[22m src/__tests__/webhookSigner.test.ts [2m([22m[2m30 tests[22m[2m | [22m[33m30 skipped[39m[2m)[22m
 [2m[90m↓[39m[22m src/__tests__/consoleCasePrivacy.integration.test.ts [2m([22m[2m6 tests[22m[2m | [22m[33m6 skipped[39m[2m)[22m
 [2m[90m↓[39m[22m src/__tests__/collectionBoundary.test.ts [2m([22m[2m6 tests[22m[2m | [22m[33m6 skipped[39m[2m)[22m
 [2m[90m↓[39m[22m src/__tests__/communityNoteRaces.integration.test.ts [2m([22m[2m8 tests[22m[2m | [22m[33m8 skipped[39m[2m)[22m
 [2m[90m↓[39m[22m src/__tests__/reviewHistory.integration.test.ts [2m([22m[2m9 tests[22m[2m | [22m[33m9 skipped[39m[2m)[22m
 [2m[90m↓[39m[22m src/__tests__/reviewPackageProjection.integration.test.ts [2m([22m[2m8 tests[22m[2m | [22m[33m8 skipped[39m[2m)[22m
 [2m[90m↓[39m[22m src/__tests__/consensusConfidence.test.ts [2m([22m[2m22 tests[22m[2m | [22m[33m22 skipped[39m[2m)[22m
 [2m[90m↓[39m[22m src/__tests__/weightSeparation.test.ts [2m([22m[2m15 tests[22m[2m | [22m[33m15 skipped[39m[2m)[22m
 [2m[90m↓[39m[22m src/__tests__/tenantIsolation.integration.test.ts [2m([22m[2m9 tests[22m[2m | [22m[33m9 skipped[39m[2m)[22m
 [2m[90m↓[39m[22m src/__tests__/policyRegistry.integration.test.ts [2m([22m[2m16 tests[22m[2m | [22m[33m16 skipped[39m[2m)[22m
 [2m[90m↓[39m[22m src/__tests__/appTrustRepository.realdb.test.ts [2m([22m[2m13 tests[22m[2m | [22m[33m13 skipped[39m[2m)[22m
 [2m[90m↓[39m[22m src/__tests__/contentSnapshot.test.ts [2m([22m[2m19 tests[22m[2m | [22m[33m19 skipped[39m[2m)[22m
 [2m[90m↓[39m[22m src/__tests__/caseMergeSignals.integration.test.ts [2m([22m[2m7 tests[22m[2m | [22m[33m7 skipped[39m[2m)[22m
 [2m[90m↓[39m[22m src/__tests__/consoleRepositories.realdb.test.ts [2m([22m[2m8 tests[22m[2m | [22m[33m8 skipped[39m[2m)[22m
 [2m[90m↓[39m[22m src/__tests__/outboxAtomicity.integration.test.ts [2m([22m[2m4 tests[22m[2m | [22m[33m4 skipped[39m[2m)[22m
 [2m[90m↓[39m[22m src/__tests__/decisionImmutability.test.ts [2m([22m[2m13 tests[22m[2m | [22m[33m13 skipped[39m[2m)[22m
 [2m[90m↓[39m[22m src/__tests__/serviceCredential.integration.test.ts [2m([22m[2m17 tests[22m[2m | [22m[33m17 skipped[39m[2m)[22m
 [2m[90m↓[39m[22m src/__tests__/httpErrors.test.ts [2m([22m[2m17 tests[22m[2m | [22m[33m17 skipped[39m[2m)[22m
 [2m[90m↓[39m[22m src/__tests__/sortitionExclusions.test.ts [2m([22m[2m17 tests[22m[2m | [22m[33m17 skipped[39m[2m)[22m
 [2m[90m↓[39m[22m src/__tests__/postgresRuntimeHandle.realdb.test.ts [2m([22m[2m10 tests[22m[2m | [22m[33m10 skipped[39m[2m)[22m
 [2m[90m↓[39m[22m src/__tests__/triage.test.ts [2m([22m[2m18 tests[22m[2m | [22m[33m18 skipped[39m[2m)[22m
 [2m[90m↓[39m[22m src/__tests__/migrationRunner.test.ts [2m([22m[2m25 tests[22m[2m | [22m[33m25 skipped[39m[2m)[22m
 [2m[90m↓[39m[22m src/__tests__/accountErasureMaterial.test.ts [2m([22m[2m11 tests[22m[2m | [22m[33m11 skipped[39m[2m)[22m
 [2m[90m↓[39m[22m src/__tests__/crossTenantReads.test.ts [2m([22m[2m8 tests[22m[2m | [22m[33m8 skipped[39m[2m)[22m
 [2m[90m↓[39m[22m src/__tests__/postgresOnlyRuntime.test.ts [2m([22m[2m8 tests[22m[2m | [22m[33m8 skipped[39m[2m)[22m
 [2m[90m↓[39m[22m src/__tests__/sortitionRefusals.test.ts [2m([22m[2m13 tests[22m[2m | [22m[33m13 skipped[39m[2m)[22m
 [2m[90m↓[39m[22m src/__tests__/postgresCollectionAdapter.realdb.test.ts [2m([22m[2m9 tests[22m[2m | [22m[33m9 skipped[39m[2m)[22m
 [2m[90m↓[39m[22m src/__tests__/appealsAdr.test.ts [2m([22m[2m9 tests[22m[2m | [22m[33m9 skipped[39m[2m)[22m
 [2m[90m↓[39m[22m src/__tests__/webhookRetrySchedule.test.ts [2m([22m[2m37 tests[22m[2m | [22m[33m37 skipped[39m[2m)[22m
 [2m[90m↓[39m[22m src/__tests__/tenantLifecycle.integration.test.ts [2m([22m[2m9 tests[22m[2m | [22m[33m9 skipped[39m[2m)[22m
 [2m[90m↓[39m[22m src/__tests__/scopedRepositoryBoundary.test.ts [2m([22m[2m6 tests[22m[2m | [22m[33m6 skipped[39m[2m)[22m
 [2m[90m↓[39m[22m src/__tests__/envelopeValidation.test.ts [2m([22m[2m16 tests[22m[2m | [22m[33m16 skipped[39m[2m)[22m
 [2m[90m↓[39m[22m src/__tests__/applicationQuota.test.ts [2m([22m[2m8 tests[22m[2m | [22m[33m8 skipped[39m[2m)[22m
 [2m[90m↓[39m[22m src/__tests__/webhookSecretCipher.test.ts [2m([22m[2m14 tests[22m[2m | [22m[33m14 skipped[39m[2m)[22m
 [2m[90m↓[39m[22m src/__tests__/triageWorker.integration.test.ts [2m([22m[2m7 tests[22m[2m | [22m[33m7 skipped[39m[2m)[22m
 [2m[90m↓[39m[22m src/__tests__/oxyApplicationAuth.integration.test.ts [2m([22m[2m9 tests[22m[2m | [22m[33m9 skipped[39m[2m)[22m
 [2m[90m↓[39m[22m src/__tests__/caseAccess.integration.test.ts [2m([22m[2m7 tests[22m[2m | [22m[33m7 skipped[39m[2m)[22m
 [2m[90m↓[39m[22m src/__tests__/bootstrapFirstParty.integration.test.ts [2m([22m[2m14 tests[22m[2m | [22m[33m14 skipped[39m[2m)[22m
 [2m[90m↓[39m[22m src/__tests__/ecosystemActivity.test.ts [2m([22m[2m7 tests[22m[2m | [22m[33m7 skipped[39m[2m)[22m
 [2m[90m↓[39m[22m src/__tests__/tenantColumnShape.test.ts [2m([22m[2m10 tests[22m[2m | [22m[33m10 skipped[39m[2m)[22m
 [2m[90m↓[39m[22m src/__tests__/webhookTransport.test.ts [2m([22m[2m10 tests[22m[2m | [22m[33m10 skipped[39m[2m)[22m
 [2m[90m↓[39m[22m src/__tests__/webhookRedaction.test.ts [2m([22m[2m14 tests[22m[2m | [22m[33m14 skipped[39m[2m)[22m
 [2m[90m↓[39m[22m src/__tests__/canonicalJson.test.ts [2m([22m[2m12 tests[22m[2m | [22m[33m12 skipped[39m[2m)[22m
 [2m[90m↓[39m[22m src/__tests__/loggingPrivacy.test.ts [2m([22m[2m1 test[22m[2m | [22m[33m1 skipped[39m[2m)[22m
 [2m[90m↓[39m[22m src/__tests__/applicationIdentity.integration.test.ts [2m([22m[2m5 tests[22m[2m | [22m[33m5 skipped[39m[2m)[22m
 [2m[90m↓[39m[22m src/__tests__/caseDedupKey.test.ts [2m([22m[2m6 tests[22m[2m | [22m[33m6 skipped[39m[2m)[22m
 [2m[90m↓[39m[22m src/__tests__/communityNoteScoring.test.ts [2m([22m[2m6 tests[22m[2m | [22m[33m6 skipped[39m[2m)[22m
 [2m[90m↓[39m[22m src/__tests__/cors.test.ts [2m([22m[2m6 tests[22m[2m | [22m[33m6 skipped[39m[2m)[22m
 [2m[90m↓[39m[22m src/__tests__/config.test.ts [2m([22m[2m5 tests[22m[2m | [22m[33m5 skipped[39m[2m)[22m
 [2m[90m↓[39m[22m src/__tests__/tenantScope.test.ts [2m([22m[2m8 tests[22m[2m | [22m[33m8 skipped[39m[2m)[22m
 [2m[90m↓[39m[22m src/__tests__/communityNotesAdr.test.ts [2m([22m[2m22 tests[22m[2m | [22m[33m22 skipped[39m[2m)[22m
 [2m[90m↓[39m[22m src/__tests__/app.test.ts [2m([22m[2m4 tests[22m[2m | [22m[33m4 skipped[39m[2m)[22m
 [32m✓[39m src/__tests__/receiverSdk.test.ts [2m([22m[2m1 test[22m[2m)[22m[32m 206[2mms[22m[39m

[2m Test Files [22m [1m[32m1 passed[39m[22m[2m | [22m[33m90 skipped[39m[90m (91)[39m
[2m      Tests [22m [1m[32m1 passed[39m[22m[2m | [22m[33m1492 skipped[39m[90m (1493)[39m
[2m   Start at [22m 04:55:41
[2m   Duration [22m 35.92s[2m (import 87%, transform 10%, worker 1%, setup 1%, tests 1%)[22m

[2m     Import [22m [33m297 modules were evaluated 6881 times[39m[2m · 26.16s total, 87% of tracked time[22m
[2m            [22m [2m~25.03s faster with [22m[33misolate: false[39m[2m — shared modules are evaluated once per worker instead of once per file[22m
[2m            [22m [2mlearn more: https://vitest.dev/guide/improving-performance#test-isolation[22m

waiting for server to shut down.... done
server stopped
{"ownedPostgresStopped": true, "pidAbsent": true, "record": "/home/nate/Oxy/.agent-evidence/crowd-registry-pg-7gjwxp98"}
