$ expo export --platform web --output-dir dist --source-maps external
React Compiler enabled
Expo Autolinking module resolution enabled
Starting Metro Bundler

 WARN  Attempted to import the module "/home/nate/Oxy/CrowdSource/.worktrees/1519-final-sdk-adoption-20261003/node_modules/@noble/hashes/crypto.js" which is not listed in the "exports" of "/home/nate/Oxy/CrowdSource/.worktrees/1519-final-sdk-adoption-20261003/node_modules/@noble/hashes" under the requested subpath "./crypto.js". Falling back to file-based resolution. Consider updating the call site or asking the package maintainer(s) to expose this API.
Web Bundled 1923ms node_modules/expo-router/entry.js (2633 modules)

› Assets (28):
../../node_modules/@oxy.so/bloom/lib/module/fonts/assets/BlomusModernus-Bold.c8e4c906b137ccc90f9aa1fbccbe85b2.woff2 (78KB)
../../node_modules/@oxy.so/bloom/lib/module/fonts/assets/BlomusModernus-Regular.6a898c26aeb50e6f31189d06dd2bf3e9.woff2 (78KB)
../../node_modules/@oxy.so/bloom/lib/module/fonts/assets/InterVariable.260c81a4759baf163c025001c4f27872.woff2 (48KB)
../../node_modules/@oxy.so/bloom/lib/module/fonts/assets/JetBrainsMono-Variable.b058178d7f309414f8f856b99fd80d9b.woff2 (40KB)
../../node_modules/@oxy.so/services/lib/module/assets/fonts/icons/OxyServicesIonicons.48b1d8ee549a265d0c1aa67fed7fbca2.ttf (43KB)
../../node_modules/@oxy.so/services/lib/module/assets/fonts/icons/OxyServicesMaterialCommunityIcons.88d575089a17d9d10e08c411fd7105ba.ttf (29KB)
../../node_modules/@oxy.so/services/lib/module/assets/signIn/slide-1.b29a38b76e9e9e426cc152c3a1a56a73.jpg (102KB)
../../node_modules/@oxy.so/services/lib/module/assets/signIn/slide-2.045f767e731a6b2801ce1ea8dbda92f5.jpg (88KB)
../../node_modules/@oxy.so/services/lib/module/assets/signIn/slide-3.32a001447e68adf690be104bddcce0ef.jpg (59KB)
../../node_modules/@oxy.so/services/lib/module/assets/signIn/slide-4.1de81f0781c3c99c5615d0ec8eb5dee6.jpg (47KB)
../../node_modules/expo-router/assets/arrow_down.017bc6ba3fc25503e5eb5e53826d48a8.png (9.5KB)
../../node_modules/expo-router/assets/error.d1ea1496f9057eb392d5bbf3732a61b7.png (469B)
../../node_modules/expo-router/assets/file.19eeb73b9593a38f8e9f418337fc7d10.png (138B)
../../node_modules/expo-router/assets/forward.d8b800c443b8972542883e0b9de2bdc6.png (188B)
../../node_modules/expo-router/assets/pkg.ab19f4cbc543357183a20571f68380a3.png (364B)
../../node_modules/expo-router/assets/react-navigation/elements/back-icon-mask.0a328cd9c1afd0afe8e3b1ec5165b1b4.png (653B)
../../node_modules/expo-router/assets/react-navigation/elements/back-icon.35ba0eaec5a4f5ed12ca16fabeae451d.png (207B)
../../node_modules/expo-router/assets/react-navigation/elements/clear-icon.c94f6478e7ae0cdd9f15de1fcb9e5e55.png (4 variations | 425B)
../../node_modules/expo-router/assets/react-navigation/elements/close-icon.808e1b1b9b53114ec2838071a7e6daa7.png (4 variations | 235B)
../../node_modules/expo-router/assets/react-navigation/elements/search-icon.286d67d3f74808a60a78d3ebf1a5fb57.png (928B)
../../node_modules/expo-router/assets/sitemap.412dd9275b6b48ad28f5e3d81bb1f626.png (465B)
../../node_modules/expo-router/assets/unmatched.20e71bdf79e3a97bf55fd9e164041578.png (4.8KB)

› web bundles (181):
_expo/static/css/global-9b7ddb2c6a0cbf91a095771358abb41b.css (54KB)
_expo/static/js/web/__common-799864b0676ef6396933f50ccb1875c4.js (3.5MB)
_expo/static/js/web/__common-799864b0676ef6396933f50ccb1875c4.js.map (11MB)
_expo/static/js/web/__expo-metro-runtime-beff96064147bde5b1983fe629d44cbe.js (4KB)
_expo/static/js/web/__expo-metro-runtime-beff96064147bde5b1983fe629d44cbe.js.map (36KB)
_expo/static/js/web/_layout-25ff86fd0f0fe942d15d7c55adcdbfa0.js (60KB)
_expo/static/js/web/_layout-25ff86fd0f0fe942d15d7c55adcdbfa0.js.map (182KB)
_expo/static/js/web/_layout-2eda14725c7eec9ac0067d9bced57e6f.js (181KB)
_expo/static/js/web/_layout-2eda14725c7eec9ac0067d9bced57e6f.js.map (386KB)
_expo/static/js/web/_layout-3a4bff9dd6f4b6c0ad4bc35fabd2c7fd.js (641B)
_expo/static/js/web/_layout-3a4bff9dd6f4b6c0ad4bc35fabd2c7fd.js.map (1.1KB)
_expo/static/js/web/[caseId]-62a7c6ec4ec35e427314aca648b99c10.js (13KB)
_expo/static/js/web/[caseId]-62a7c6ec4ec35e427314aca648b99c10.js.map (33KB)
_expo/static/js/web/+not-found-09b3b09c00819dc89c22701b749d804a.js (1.9KB)
_expo/static/js/web/+not-found-09b3b09c00819dc89c22701b749d804a.js.map (5.2KB)
_expo/static/js/web/AccountMembersScreen-bb94019f56560697b580f107f5115706.js (10KB)
_expo/static/js/web/AccountMembersScreen-bb94019f56560697b580f107f5115706.js.map (32KB)
_expo/static/js/web/AccountSettingsScreen-8e12d668e65163d0a7e01561bca73219.js (6.1KB)
_expo/static/js/web/AccountSettingsScreen-8e12d668e65163d0a7e01561bca73219.js.map (20KB)
_expo/static/js/web/AccountVerificationScreen-5a87838eb3799a24e2b5e459fd36ce14.js (7.4KB)
_expo/static/js/web/AccountVerificationScreen-5a87838eb3799a24e2b5e459fd36ce14.js.map (17KB)
_expo/static/js/web/AppInfoScreen-b219242cb9c593854785a1d06fb1c813.js (12KB)
_expo/static/js/web/AppInfoScreen-b219242cb9c593854785a1d06fb1c813.js.map (30KB)
_expo/static/js/web/ar-38be8170f607246c6cc7be5da1bc961b.js (178KB)
_expo/static/js/web/ar-38be8170f607246c6cc7be5da1bc961b.js.map (186KB)
_expo/static/js/web/ar-SA-d2b772cfe3ef3588adadd41370376d17.js (35KB)
_expo/static/js/web/ar-SA-d2b772cfe3ef3588adadd41370376d17.js.map (30KB)
_expo/static/js/web/audit-15d051ca87b09b0eee8f8d227c5bb910.js (4.6KB)
_expo/static/js/web/audit-15d051ca87b09b0eee8f8d227c5bb910.js.map (13KB)
_expo/static/js/web/AvatarCropScreen-51cb89df792063afa9b9c5f3a1df7a36.js (21KB)
_expo/static/js/web/AvatarCropScreen-51cb89df792063afa9b9c5f3a1df7a36.js.map (63KB)
_expo/static/js/web/bn-9b7d473c458525cf77515fa8468566ce.js (173KB)
_expo/static/js/web/bn-9b7d473c458525cf77515fa8468566ce.js.map (199KB)
_expo/static/js/web/ca-a72e3e8c023e12afd6d6fb3dd637114e.js (67KB)
_expo/static/js/web/ca-a72e3e8c023e12afd6d6fb3dd637114e.js.map (161KB)
_expo/static/js/web/ca-ES-0ee97ec3daef926b9b180eb84f47e12e.js (14KB)
_expo/static/js/web/ca-ES-0ee97ec3daef926b9b180eb84f47e12e.js.map (27KB)
_expo/static/js/web/cases-b598e176d846f5939372018cf7dd5e93.js (6.8KB)
_expo/static/js/web/cases-b598e176d846f5939372018cf7dd5e93.js.map (20KB)
_expo/static/js/web/ChangeAvatarScreen-b699cb3d0ab077752ae40e2ac7008304.js (4.5KB)
_expo/static/js/web/ChangeAvatarScreen-b699cb3d0ab077752ae40e2ac7008304.js.map (20KB)
_expo/static/js/web/ConnectedAppsScreen-1675af7d15e38cf6ad850dd2a27a74ab.js (3.3KB)
_expo/static/js/web/ConnectedAppsScreen-1675af7d15e38cf6ad850dd2a27a74ab.js.map (11KB)
_expo/static/js/web/CreateAccountScreen-c137aa26ae67143d7853e15b80711585.js (7.6KB)
_expo/static/js/web/CreateAccountScreen-c137aa26ae67143d7853e15b80711585.js.map (30KB)
_expo/static/js/web/credentials-53500ac7dcd6e486ee4c46b140241180.js (8.8KB)
_expo/static/js/web/credentials-53500ac7dcd6e486ee4c46b140241180.js.map (27KB)
_expo/static/js/web/de-13432bf4a8d76b784705cb949986c1cd.js (66KB)
_expo/static/js/web/de-13432bf4a8d76b784705cb949986c1cd.js.map (160KB)
_expo/static/js/web/de-DE-10eb06a31b04ced311caa2659d41594e.js (14KB)
_expo/static/js/web/de-DE-10eb06a31b04ced311caa2659d41594e.js.map (28KB)
_expo/static/js/web/DeleteAccountScreen-1ea23fbdc4f95d25dcd148c1e5e4c3f9.js (498B)
_expo/static/js/web/DeleteAccountScreen-1ea23fbdc4f95d25dcd148c1e5e4c3f9.js.map (1.5KB)
_expo/static/js/web/DomainsScreen-b831db3558d214e02cab40ac6141596c.js (4.5KB)
_expo/static/js/web/DomainsScreen-b831db3558d214e02cab40ac6141596c.js.map (15KB)
_expo/static/js/web/EditProfileFieldScreen-a7b503e6ad6708d41e2c414a25dfe2b6.js (32KB)
_expo/static/js/web/EditProfileFieldScreen-a7b503e6ad6708d41e2c414a25dfe2b6.js.map (117KB)
_expo/static/js/web/EditProfileScreen-3e0874a9f48ed444610eceea70b66bbd.js (3.7KB)
_expo/static/js/web/EditProfileScreen-3e0874a9f48ed444610eceea70b66bbd.js.map (11KB)
_expo/static/js/web/empty-module-8ba7ef6c13d690ee3a7542f7843c8dac.js (183B)
_expo/static/js/web/empty-module-8ba7ef6c13d690ee3a7542f7843c8dac.js.map (294B)
_expo/static/js/web/entry-ad553d8bebb0d1bcc0d9224699927c67.js (1.1MB)
_expo/static/js/web/entry-ad553d8bebb0d1bcc0d9224699927c67.js.map (4.6MB)
_expo/static/js/web/es-88e892dee2310972c522c3d142e0ded6.js (67KB)
_expo/static/js/web/es-88e892dee2310972c522c3d142e0ded6.js.map (161KB)
_expo/static/js/web/es-ES-053b6c61af72e16a571e3bb2ae68acdb.js (68KB)
_expo/static/js/web/es-ES-053b6c61af72e16a571e3bb2ae68acdb.js.map (139KB)
_expo/static/js/web/FileManagementScreen-7a6aaa7ee66c669800d8ff4d03cbc0b7.js (101KB)
_expo/static/js/web/FileManagementScreen-7a6aaa7ee66c669800d8ff4d03cbc0b7.js.map (414KB)
_expo/static/js/web/FollowersListScreen-6eeb32d752a291dd1bb3cd7a53034ed0.js (478B)
_expo/static/js/web/FollowersListScreen-6eeb32d752a291dd1bb3cd7a53034ed0.js.map (1.2KB)
_expo/static/js/web/FollowingListScreen-ea3859851a62f51aad2dff60d1329e98.js (478B)
_expo/static/js/web/FollowingListScreen-ea3859851a62f51aad2dff60d1329e98.js.map (1.2KB)
_expo/static/js/web/fr-dd18f09956835a378c8113db22445b83.js (70KB)
_expo/static/js/web/fr-dd18f09956835a378c8113db22445b83.js.map (163KB)
_expo/static/js/web/fr-FR-923ea202205d6ac59ace1f7143e3b4f4.js (14KB)
_expo/static/js/web/fr-FR-923ea202205d6ac59ace1f7143e3b4f4.js.map (28KB)
_expo/static/js/web/HelpSupportScreen-c0c83182507d616135db7196a3bf35ba.js (3KB)
_expo/static/js/web/HelpSupportScreen-c0c83182507d616135db7196a3bf35ba.js.map (8KB)
_expo/static/js/web/hi-0e90cc9d442958f73f0a45139bf56b80.js (168KB)
_expo/static/js/web/hi-0e90cc9d442958f73f0a45139bf56b80.js.map (198KB)
_expo/static/js/web/HistoryViewScreen-59a3c80aa7acfa3cfac3cea473066ead.js (4.1KB)
_expo/static/js/web/HistoryViewScreen-59a3c80aa7acfa3cfac3cea473066ead.js.map (12KB)
_expo/static/js/web/id-a833cc8ae65a6727d6fa0f94a6d93662.js (61KB)
_expo/static/js/web/id-a833cc8ae65a6727d6fa0f94a6d93662.js.map (153KB)
_expo/static/js/web/ImagePicker-d9f0ecd0f2eaf584be727596525ffe0b.js (8.7KB)
_expo/static/js/web/ImagePicker-d9f0ecd0f2eaf584be727596525ffe0b.js.map (48KB)
_expo/static/js/web/index-06fd53ca662d44410d07505fc25dea78.js (54KB)
_expo/static/js/web/index-06fd53ca662d44410d07505fc25dea78.js.map (214KB)
_expo/static/js/web/index-371e59110c290b1ad0d23531cb367aaa.js (7.6KB)
_expo/static/js/web/index-371e59110c290b1ad0d23531cb367aaa.js.map (22KB)
_expo/static/js/web/index-3ff65936ab81310ef2f7b466a2414015.js (2.2KB)
_expo/static/js/web/index-3ff65936ab81310ef2f7b466a2414015.js.map (7.6KB)
_expo/static/js/web/index-918a6518731fcc61c069d27d0b033b4e.js (13KB)
_expo/static/js/web/index-918a6518731fcc61c069d27d0b033b4e.js.map (46KB)
_expo/static/js/web/index-9cb19decfb9a8f9d54d17350e9db9d2c.js (12KB)
_expo/static/js/web/index-9cb19decfb9a8f9d54d17350e9db9d2c.js.map (31KB)
_expo/static/js/web/index-9fa17e30afa9452d76e6fa7f81f18427.js (12KB)
_expo/static/js/web/index-9fa17e30afa9452d76e6fa7f81f18427.js.map (41KB)
_expo/static/js/web/index-a6d9cf3360845c3c2ea447435eaf3ee9.js (11KB)
_expo/static/js/web/index-a6d9cf3360845c3c2ea447435eaf3ee9.js.map (31KB)
_expo/static/js/web/internal-6477db987f0a0a3aa5ac04f34cbd49a6.js (2.5KB)
_expo/static/js/web/internal-6477db987f0a0a3aa5ac04f34cbd49a6.js.map (6.7KB)
_expo/static/js/web/it-ed912dc4463a934f25c8533d0d22de4c.js (65KB)
_expo/static/js/web/it-ed912dc4463a934f25c8533d0d22de4c.js.map (160KB)
_expo/static/js/web/it-IT-af7c03c11b7677196b53bcbdd792a45f.js (13KB)
_expo/static/js/web/it-IT-af7c03c11b7677196b53bcbdd792a45f.js.map (27KB)
_expo/static/js/web/ja-47121e983023735eb1cde6b05415c835.js (104KB)
_expo/static/js/web/ja-47121e983023735eb1cde6b05415c835.js.map (162KB)
_expo/static/js/web/ja-JP-2b2bdbb5cf114c73d6f70d0712f9937b.js (26KB)
_expo/static/js/web/ja-JP-2b2bdbb5cf114c73d6f70d0712f9937b.js.map (30KB)
_expo/static/js/web/ko-KR-4137d1e10be5b8f9e1cb5732c086dba4.js (22KB)
_expo/static/js/web/ko-KR-4137d1e10be5b8f9e1cb5732c086dba4.js.map (28KB)
_expo/static/js/web/LanguageSelectorScreen-91b90394fafd3c549f2874e7d48c67c1.js (3.8KB)
_expo/static/js/web/LanguageSelectorScreen-91b90394fafd3c549f2874e7d48c67c1.js.map (16KB)
_expo/static/js/web/LearnMoreUsernamesScreen-fd0ee9c18e77274dd207284e649a421d.js (4.1KB)
_expo/static/js/web/LearnMoreUsernamesScreen-fd0ee9c18e77274dd207284e649a421d.js.map (11KB)
_expo/static/js/web/LegalDocumentsScreen-8bacdff4f20c15d048c468418a463e04.js (4.5KB)
_expo/static/js/web/LegalDocumentsScreen-8bacdff4f20c15d048c468418a463e04.js.map (12KB)
_expo/static/js/web/LinkCommonsScreen-7978cc8c4a5a919881b8b9780a64f11a.js (461B)
_expo/static/js/web/LinkCommonsScreen-7978cc8c4a5a919881b8b9780a64f11a.js.map (1.4KB)
_expo/static/js/web/ManageAccountScreen-968279c300df7a5b5ee344add1e1a653.js (22KB)
_expo/static/js/web/ManageAccountScreen-968279c300df7a5b5ee344add1e1a653.js.map (63KB)
_expo/static/js/web/members-58a5c9593c6e672e626ecbe30a7c2eb8.js (9.2KB)
_expo/static/js/web/members-58a5c9593c6e672e626ecbe30a7c2eb8.js.map (26KB)
_expo/static/js/web/metrics-6e3547aaf973227957ea57fc5250c83b.js (6.8KB)
_expo/static/js/web/metrics-6e3547aaf973227957ea57fc5250c83b.js.map (20KB)
_expo/static/js/web/NotificationsScreen-cf7cc37789947e7ab425efabf4638e17.js (3.4KB)
_expo/static/js/web/NotificationsScreen-cf7cc37789947e7ab425efabf4638e17.js.map (10KB)
_expo/static/js/web/OxyAccountDialogScreen-cb775095327eb7de86c3e206fc1890dc.js (43KB)
_expo/static/js/web/OxyAccountDialogScreen-cb775095327eb7de86c3e206fc1890dc.js.map (187KB)
_expo/static/js/web/PaymentGatewayScreen-1514245410cb26a24777d1d88040c49e.js (29KB)
_expo/static/js/web/PaymentGatewayScreen-1514245410cb26a24777d1d88040c49e.js.map (88KB)
_expo/static/js/web/PreferencesScreen-2b50c08f893394e407de09395923025e.js (3.5KB)
_expo/static/js/web/PreferencesScreen-2b50c08f893394e407de09395923025e.js.map (13KB)
_expo/static/js/web/PrivacySettingsScreen-0e7b7b333c5c7ce665c477271119f7c7.js (12KB)
_expo/static/js/web/PrivacySettingsScreen-0e7b7b333c5c7ce665c477271119f7c7.js.map (34KB)
_expo/static/js/web/ProfileScreen-6eebc876855534fd3e5bb86d139e42cc.js (8.4KB)
_expo/static/js/web/ProfileScreen-6eebc876855534fd3e5bb86d139e42cc.js.map (29KB)
_expo/static/js/web/pt-dc4500f81d86d6aee57321dd00bc5d6b.js (67KB)
_expo/static/js/web/pt-dc4500f81d86d6aee57321dd00bc5d6b.js.map (161KB)
_expo/static/js/web/pt-PT-ad0971a1adfd7e9e847050fb682c98ba.js (14KB)
_expo/static/js/web/pt-PT-ad0971a1adfd7e9e847050fb682c98ba.js.map (27KB)
_expo/static/js/web/ru-de0b51d4df5a0e37367b2bc2fb5b15c9.js (199KB)
_expo/static/js/web/ru-de0b51d4df5a0e37367b2bc2fb5b15c9.js.map (191KB)
_expo/static/js/web/SearchSettingsScreen-f3b534cdd6a37036367e58def40272f0.js (2.6KB)
_expo/static/js/web/SearchSettingsScreen-f3b534cdd6a37036367e58def40272f0.js.map (8.6KB)
_expo/static/js/web/SecureStore-1a9f0ce74af8fdeb1b0465e322cc0214.js (2.6KB)
_expo/static/js/web/SecureStore-1a9f0ce74af8fdeb1b0465e322cc0214.js.map (9.9KB)
_expo/static/js/web/sign-in-cdc6290d4c46800c08141cbbf35122ad.js (2.1KB)
_expo/static/js/web/sign-in-cdc6290d4c46800c08141cbbf35122ad.js.map (6.5KB)
_expo/static/js/web/SignInAuthenticatorScreen-d11057ff8627b7e5bd50508fff286d77.js (471B)
_expo/static/js/web/SignInAuthenticatorScreen-d11057ff8627b7e5bd50508fff286d77.js.map (1.5KB)
_expo/static/js/web/SignInPasswordScreen-69d6be1b6a0d08ee7caec31698f4ff38.js (506B)
_expo/static/js/web/SignInPasswordScreen-69d6be1b6a0d08ee7caec31698f4ff38.js.map (1.6KB)
_expo/static/js/web/tr-4cb553590d0e925234fff96d9565270e.js (72KB)
_expo/static/js/web/tr-4cb553590d0e925234fff96d9565270e.js.map (156KB)
_expo/static/js/web/TrustAboutScreen-0658a9541cd56d0c665a512769c7804d.js (5.1KB)
_expo/static/js/web/TrustAboutScreen-0658a9541cd56d0c665a512769c7804d.js.map (11KB)
_expo/static/js/web/TrustCenterScreen-1c85246fe0227062259d6fc4cba94785.js (4.6KB)
_expo/static/js/web/TrustCenterScreen-1c85246fe0227062259d6fc4cba94785.js.map (14KB)
_expo/static/js/web/TrustFAQScreen-e4ddbbbbc94788ad166238537d066a07.js (2KB)
_expo/static/js/web/TrustFAQScreen-e4ddbbbbc94788ad166238537d066a07.js.map (6.5KB)
_expo/static/js/web/TrustLeaderboardScreen-4ba7cde37b0a150c7c1afc4431f2cbed.js (4.5KB)
_expo/static/js/web/TrustLeaderboardScreen-4ba7cde37b0a150c7c1afc4431f2cbed.js.map (15KB)
_expo/static/js/web/TrustRewardsScreen-35cdf26645a35af6fbd44f0553cb7969.js (9.5KB)
_expo/static/js/web/TrustRewardsScreen-35cdf26645a35af6fbd44f0553cb7969.js.map (28KB)
_expo/static/js/web/TrustRulesScreen-2032dc4463b03314fdf2828ad0f80f52.js (2.3KB)
_expo/static/js/web/TrustRulesScreen-2032dc4463b03314fdf2828ad0f80f52.js.map (7.8KB)
_expo/static/js/web/UserLinksScreen-8460a0c0e5504670c6fd224dbe19956d.js (1.2KB)
_expo/static/js/web/UserLinksScreen-8460a0c0e5504670c6fd224dbe19956d.js.map (4KB)
_expo/static/js/web/WebBrowser-0759aa715d59dfc48cba3637681ddddf.js (8.5KB)
_expo/static/js/web/WebBrowser-0759aa715d59dfc48cba3637681ddddf.js.map (43KB)
_expo/static/js/web/webhooks-75c3fdb92daf0106da8255fd852a13db.js (12KB)
_expo/static/js/web/webhooks-75c3fdb92daf0106da8255fd852a13db.js.map (34KB)
_expo/static/js/web/WelcomeNewUserScreen-8495a702f91b4576a6087664d10dd358.js (8.8KB)
_expo/static/js/web/WelcomeNewUserScreen-8495a702f91b4576a6087664d10dd358.js.map (29KB)
_expo/static/js/web/zh-cb9032f92fc103649ea3536afaadfaf7.js (81KB)
_expo/static/js/web/zh-cb9032f92fc103649ea3536afaadfaf7.js.map (151KB)
_expo/static/js/web/zh-CN-83b5ce0a5836cb9041f0c1cd620f35b7.js (18KB)
_expo/static/js/web/zh-CN-83b5ce0a5836cb9041f0c1cd620f35b7.js.map (26KB)

› Files (2):
index.html (3.6KB)
metadata.json (49B)

Exported: dist
