$ expo export --platform web --output-dir dist --source-maps external
React Compiler enabled
Expo Autolinking module resolution enabled
Starting Metro Bundler

 WARN  Attempted to import the module "/home/nate/Oxy/CrowdSource/.worktrees/1519-final-sdk-adoption-20261003/node_modules/@noble/hashes/crypto.js" which is not listed in the "exports" of "/home/nate/Oxy/CrowdSource/.worktrees/1519-final-sdk-adoption-20261003/node_modules/@noble/hashes" under the requested subpath "./crypto.js". Falling back to file-based resolution. Consider updating the call site or asking the package maintainer(s) to expose this API.
Web Bundled 1926ms node_modules/expo-router/entry.js (2778 modules)

› Assets (29):
../../node_modules/@expo/vector-icons/build/vendor/react-native-vector-icons/Fonts/Ionicons.b4eb097d35f44ed943676fd56f6bdc51.ttf (390KB)
../../node_modules/@oxy.so/bloom/lib/module/fonts/assets/BlomusModernus-Bold.c8e4c906b137ccc90f9aa1fbccbe85b2.woff2 (78KB)
../../node_modules/@oxy.so/bloom/lib/module/fonts/assets/BlomusModernus-Regular.6a898c26aeb50e6f31189d06dd2bf3e9.woff2 (78KB)
../../node_modules/@oxy.so/bloom/lib/module/fonts/assets/InterVariable.260c81a4759baf163c025001c4f27872.woff2 (48KB)
../../node_modules/@oxy.so/bloom/lib/module/fonts/assets/JetBrainsMono-Variable.b058178d7f309414f8f856b99fd80d9b.woff2 (40KB)
../../node_modules/@oxy.so/services/lib/module/assets/fonts/icons/OxyServicesIonicons.48b1d8ee549a265d0c1aa67fed7fbca2.ttf (43KB)
../../node_modules/@oxy.so/services/lib/module/assets/fonts/icons/OxyServicesMaterialCommunityIcons.88d575089a17d9d10e08c411fd7105ba.ttf (29KB)
../../node_modules/@oxy.so/services/lib/module/assets/signIn/slide-1.b29a38b76e9e9e426cc152c3a1a56a73.jpg (102KB)
../../node_modules/@oxy.so/services/lib/module/assets/signIn/slide-2.045f767e731a6b2801ce1ea8dbda92f5.jpg (88KB)
../../node_modules/@oxy.so/services/lib/module/assets/signIn/slide-3.32a001447e68adf690be104bddcce0ef.jpg (59KB)
../../node_modules/@oxy.so/services/lib/module/assets/signIn/slide-4.1de81f0781c3c99c5615d0ec8eb5dee6.jpg (47KB)
../../node_modules/expo-router/assets/arrow_down.017bc6ba3fc25503e5eb5e53826d48a8.png (9.5KB)
../../node_modules/expo-router/assets/error.d1ea1496f9057eb392d5bbf3732a61b7.png (469B)
../../node_modules/expo-router/assets/file.19eeb73b9593a38f8e9f418337fc7d10.png (138B)
../../node_modules/expo-router/assets/forward.d8b800c443b8972542883e0b9de2bdc6.png (188B)
../../node_modules/expo-router/assets/pkg.ab19f4cbc543357183a20571f68380a3.png (364B)
../../node_modules/expo-router/assets/react-navigation/elements/back-icon-mask.0a328cd9c1afd0afe8e3b1ec5165b1b4.png (653B)
../../node_modules/expo-router/assets/react-navigation/elements/back-icon.35ba0eaec5a4f5ed12ca16fabeae451d.png (207B)
../../node_modules/expo-router/assets/react-navigation/elements/clear-icon.c94f6478e7ae0cdd9f15de1fcb9e5e55.png (4 variations | 425B)
../../node_modules/expo-router/assets/react-navigation/elements/close-icon.808e1b1b9b53114ec2838071a7e6daa7.png (4 variations | 235B)
../../node_modules/expo-router/assets/react-navigation/elements/search-icon.286d67d3f74808a60a78d3ebf1a5fb57.png (928B)
../../node_modules/expo-router/assets/sitemap.412dd9275b6b48ad28f5e3d81bb1f626.png (465B)
../../node_modules/expo-router/assets/unmatched.20e71bdf79e3a97bf55fd9e164041578.png (4.8KB)

› web bundles (175):
_expo/static/css/global-c486e91d43637ab16ed1596eb5373298.css (55KB)
_expo/static/js/web/__common-30dc5f159900a0d7a493d7e0e81af126.js (4.1MB)
_expo/static/js/web/__common-30dc5f159900a0d7a493d7e0e81af126.js.map (13MB)
_expo/static/js/web/__expo-metro-runtime-beff96064147bde5b1983fe629d44cbe.js (4KB)
_expo/static/js/web/__expo-metro-runtime-beff96064147bde5b1983fe629d44cbe.js.map (36KB)
_expo/static/js/web/_layout-569b5350edbdab3a3f4d9b01c73135dd.js (203KB)
_expo/static/js/web/_layout-569b5350edbdab3a3f4d9b01c73135dd.js.map (400KB)
_expo/static/js/web/_layout-6df0ca36d0ea7e0b1392903ed904d04c.js (626B)
_expo/static/js/web/_layout-6df0ca36d0ea7e0b1392903ed904d04c.js.map (1.1KB)
_expo/static/js/web/_layout-cda4f30147fa0f96f232c710c301fa40.js (88KB)
_expo/static/js/web/_layout-cda4f30147fa0f96f232c710c301fa40.js.map (288KB)
_expo/static/js/web/+not-found-fb499d13013d19863ef84bb407060ed9.js (1.4KB)
_expo/static/js/web/+not-found-fb499d13013d19863ef84bb407060ed9.js.map (4.4KB)
_expo/static/js/web/AccountMembersScreen-30eb9a639e28b8f21d220cc6da74ce05.js (10KB)
_expo/static/js/web/AccountMembersScreen-30eb9a639e28b8f21d220cc6da74ce05.js.map (32KB)
_expo/static/js/web/AccountSettingsScreen-1b0d95e1b542dd73786e9516c7d53d91.js (6.1KB)
_expo/static/js/web/AccountSettingsScreen-1b0d95e1b542dd73786e9516c7d53d91.js.map (20KB)
_expo/static/js/web/AccountVerificationScreen-edce49dda13bae04f65f1dfcd1e26bee.js (7.4KB)
_expo/static/js/web/AccountVerificationScreen-edce49dda13bae04f65f1dfcd1e26bee.js.map (17KB)
_expo/static/js/web/AppInfoScreen-d233e7a502b1fd26010da31a348f2bdd.js (12KB)
_expo/static/js/web/AppInfoScreen-d233e7a502b1fd26010da31a348f2bdd.js.map (30KB)
_expo/static/js/web/ar-69d22cdc3794c6db4ada2d58367ba43b.js (178KB)
_expo/static/js/web/ar-69d22cdc3794c6db4ada2d58367ba43b.js.map (186KB)
_expo/static/js/web/ar-SA-644a3b47a59375beb5028a7f95baec1d.js (35KB)
_expo/static/js/web/ar-SA-644a3b47a59375beb5028a7f95baec1d.js.map (30KB)
_expo/static/js/web/AvatarCropScreen-a61192f453a7edcc2137b45f46a10292.js (21KB)
_expo/static/js/web/AvatarCropScreen-a61192f453a7edcc2137b45f46a10292.js.map (63KB)
_expo/static/js/web/bn-7986b13573ee813e9276614378bc7051.js (173KB)
_expo/static/js/web/bn-7986b13573ee813e9276614378bc7051.js.map (199KB)
_expo/static/js/web/ca-a2e30a7a59df1605abe9df3b22804210.js (67KB)
_expo/static/js/web/ca-a2e30a7a59df1605abe9df3b22804210.js.map (161KB)
_expo/static/js/web/ca-ES-6a46cecd16645a9ffda5eeeadc955fa1.js (14KB)
_expo/static/js/web/ca-ES-6a46cecd16645a9ffda5eeeadc955fa1.js.map (27KB)
_expo/static/js/web/ChangeAvatarScreen-aa31dcf3c6532d2a515a02dbbb1cda31.js (4.5KB)
_expo/static/js/web/ChangeAvatarScreen-aa31dcf3c6532d2a515a02dbbb1cda31.js.map (20KB)
_expo/static/js/web/ConnectedAppsScreen-1223c0f548e86233607fdff9a414ec95.js (3.3KB)
_expo/static/js/web/ConnectedAppsScreen-1223c0f548e86233607fdff9a414ec95.js.map (11KB)
_expo/static/js/web/CreateAccountScreen-010c066772fe04ce04899abd9373a73a.js (7.6KB)
_expo/static/js/web/CreateAccountScreen-010c066772fe04ce04899abd9373a73a.js.map (30KB)
_expo/static/js/web/de-76c4c2409f41e5004c69bb572507edca.js (66KB)
_expo/static/js/web/de-76c4c2409f41e5004c69bb572507edca.js.map (160KB)
_expo/static/js/web/de-DE-b95bd130a6174abba341bbff1a1a492a.js (14KB)
_expo/static/js/web/de-DE-b95bd130a6174abba341bbff1a1a492a.js.map (28KB)
_expo/static/js/web/DeleteAccountScreen-c64e8291e1a798093ea8161da5d49561.js (498B)
_expo/static/js/web/DeleteAccountScreen-c64e8291e1a798093ea8161da5d49561.js.map (1.5KB)
_expo/static/js/web/DomainsScreen-2229d6311862ca00acd987f3975c4d7d.js (4.5KB)
_expo/static/js/web/DomainsScreen-2229d6311862ca00acd987f3975c4d7d.js.map (15KB)
_expo/static/js/web/EditProfileFieldScreen-cce5f5c6f5ea93e007eced581ce11a2f.js (32KB)
_expo/static/js/web/EditProfileFieldScreen-cce5f5c6f5ea93e007eced581ce11a2f.js.map (117KB)
_expo/static/js/web/EditProfileScreen-2a98c0f5507ab20ca8738ef146c1a779.js (3.7KB)
_expo/static/js/web/EditProfileScreen-2a98c0f5507ab20ca8738ef146c1a779.js.map (11KB)
_expo/static/js/web/empty-module-fe4f97ca79037a5879650ba7d3c9a641.js (183B)
_expo/static/js/web/empty-module-fe4f97ca79037a5879650ba7d3c9a641.js.map (294B)
_expo/static/js/web/entry-877bf934d7dc3e6a2cc05f46618d34bb.js (1.1MB)
_expo/static/js/web/entry-877bf934d7dc3e6a2cc05f46618d34bb.js.map (4.6MB)
_expo/static/js/web/es-d710ba2749bc1cd88db54a17e509135c.js (67KB)
_expo/static/js/web/es-d710ba2749bc1cd88db54a17e509135c.js.map (161KB)
_expo/static/js/web/es-ES-18db5e034070be0c72e8ba06ab4ceb01.js (68KB)
_expo/static/js/web/es-ES-18db5e034070be0c72e8ba06ab4ceb01.js.map (139KB)
_expo/static/js/web/FileManagementScreen-18cfd18e780b8601318b14769dc3c948.js (65KB)
_expo/static/js/web/FileManagementScreen-18cfd18e780b8601318b14769dc3c948.js.map (245KB)
_expo/static/js/web/FollowersListScreen-2f03de50d6a595450f77e174812d8471.js (478B)
_expo/static/js/web/FollowersListScreen-2f03de50d6a595450f77e174812d8471.js.map (1.2KB)
_expo/static/js/web/FollowingListScreen-a4e3d98bd052970a0381c92b64f6fb38.js (478B)
_expo/static/js/web/FollowingListScreen-a4e3d98bd052970a0381c92b64f6fb38.js.map (1.2KB)
_expo/static/js/web/fr-d96d3ce709dfc8982034d79dcb32348c.js (70KB)
_expo/static/js/web/fr-d96d3ce709dfc8982034d79dcb32348c.js.map (163KB)
_expo/static/js/web/fr-FR-18557d6801809cf600ee1644ace6812e.js (14KB)
_expo/static/js/web/fr-FR-18557d6801809cf600ee1644ace6812e.js.map (28KB)
_expo/static/js/web/HelpSupportScreen-91ce872815c6d1f70197dcd27a44e4ea.js (3KB)
_expo/static/js/web/HelpSupportScreen-91ce872815c6d1f70197dcd27a44e4ea.js.map (8KB)
_expo/static/js/web/hi-0ef5c59aaad354ae749187cb1f7a4ab1.js (168KB)
_expo/static/js/web/hi-0ef5c59aaad354ae749187cb1f7a4ab1.js.map (198KB)
_expo/static/js/web/history-ee5c4b3cfbbf24097baf6e066c8983ae.js (2.7KB)
_expo/static/js/web/history-ee5c4b3cfbbf24097baf6e066c8983ae.js.map (8.8KB)
_expo/static/js/web/HistoryViewScreen-baba2dc4b29415a19b925d3ed3bad4ec.js (4.1KB)
_expo/static/js/web/HistoryViewScreen-baba2dc4b29415a19b925d3ed3bad4ec.js.map (12KB)
_expo/static/js/web/id-23809ca29df8bee6d2090bbcfb1cf9ee.js (61KB)
_expo/static/js/web/id-23809ca29df8bee6d2090bbcfb1cf9ee.js.map (153KB)
_expo/static/js/web/ImagePicker-b65b1b01423da78d895841bbfa8bcf3b.js (8.7KB)
_expo/static/js/web/ImagePicker-b65b1b01423da78d895841bbfa8bcf3b.js.map (48KB)
_expo/static/js/web/index-3db00e4ca6c4fb24db84172a6dcbeeed.js (6.6KB)
_expo/static/js/web/index-3db00e4ca6c4fb24db84172a6dcbeeed.js.map (21KB)
_expo/static/js/web/index-4c776e29406b815d58818e54a556ef3d.js (13KB)
_expo/static/js/web/index-4c776e29406b815d58818e54a556ef3d.js.map (46KB)
_expo/static/js/web/index-6187fd08dcd1b4d6dfc168f22e89bc1a.js (54KB)
_expo/static/js/web/index-6187fd08dcd1b4d6dfc168f22e89bc1a.js.map (214KB)
_expo/static/js/web/index-934f37579893ebb5386c75bfb84aba40.js (12KB)
_expo/static/js/web/index-934f37579893ebb5386c75bfb84aba40.js.map (41KB)
_expo/static/js/web/index-e892e0b5d48b7a87f554a6acc8d6600b.js (2.2KB)
_expo/static/js/web/index-e892e0b5d48b7a87f554a6acc8d6600b.js.map (7.6KB)
_expo/static/js/web/internal-079987c992889a774b30f99b68fc36e8.js (2.5KB)
_expo/static/js/web/internal-079987c992889a774b30f99b68fc36e8.js.map (6.7KB)
_expo/static/js/web/it-e3270cb9c7b8a1302022f814e04e234c.js (65KB)
_expo/static/js/web/it-e3270cb9c7b8a1302022f814e04e234c.js.map (160KB)
_expo/static/js/web/it-IT-50352ca468d761d6d6f69276edc3169d.js (13KB)
_expo/static/js/web/it-IT-50352ca468d761d6d6f69276edc3169d.js.map (27KB)
_expo/static/js/web/ja-2601ff4d0fc91851141082127a585f56.js (104KB)
_expo/static/js/web/ja-2601ff4d0fc91851141082127a585f56.js.map (162KB)
_expo/static/js/web/ja-JP-4e4090fd1fa682c70a99c08223ff3a43.js (26KB)
_expo/static/js/web/ja-JP-4e4090fd1fa682c70a99c08223ff3a43.js.map (30KB)
_expo/static/js/web/ko-KR-b24d5cd2c08b16869bbf3b7e9c9dc336.js (22KB)
_expo/static/js/web/ko-KR-b24d5cd2c08b16869bbf3b7e9c9dc336.js.map (28KB)
_expo/static/js/web/LanguageSelectorScreen-ae3472692ba88385942155634bbfca02.js (3.8KB)
_expo/static/js/web/LanguageSelectorScreen-ae3472692ba88385942155634bbfca02.js.map (16KB)
_expo/static/js/web/LearnMoreUsernamesScreen-472c25070482043fab72eaf31d061499.js (4.9KB)
_expo/static/js/web/LearnMoreUsernamesScreen-472c25070482043fab72eaf31d061499.js.map (12KB)
_expo/static/js/web/LegalDocumentsScreen-a309088d3d13b8864ade39bb446311b6.js (4.5KB)
_expo/static/js/web/LegalDocumentsScreen-a309088d3d13b8864ade39bb446311b6.js.map (12KB)
_expo/static/js/web/LinkCommonsScreen-922b9722baf9f26883537b51164a4bb8.js (461B)
_expo/static/js/web/LinkCommonsScreen-922b9722baf9f26883537b51164a4bb8.js.map (1.4KB)
_expo/static/js/web/ManageAccountScreen-7f0adfd847a7875962268dd556043c6a.js (22KB)
_expo/static/js/web/ManageAccountScreen-7f0adfd847a7875962268dd556043c6a.js.map (63KB)
_expo/static/js/web/NotificationsScreen-054dbb96d2f796370b542d6c53783920.js (3.4KB)
_expo/static/js/web/NotificationsScreen-054dbb96d2f796370b542d6c53783920.js.map (10KB)
_expo/static/js/web/onboarding-6e40cf51edf662a613f9676edd7c0457.js (6.3KB)
_expo/static/js/web/onboarding-6e40cf51edf662a613f9676edd7c0457.js.map (17KB)
_expo/static/js/web/OxyAccountDialogScreen-006b1cda705bf4d3f0b28140ee9288c4.js (43KB)
_expo/static/js/web/OxyAccountDialogScreen-006b1cda705bf4d3f0b28140ee9288c4.js.map (187KB)
_expo/static/js/web/PaymentGatewayScreen-7f037802fce42799944e6bc2919664a0.js (29KB)
_expo/static/js/web/PaymentGatewayScreen-7f037802fce42799944e6bc2919664a0.js.map (88KB)
_expo/static/js/web/PreferencesScreen-3af335f5ba05122da81e160c4c03a4c3.js (3.5KB)
_expo/static/js/web/PreferencesScreen-3af335f5ba05122da81e160c4c03a4c3.js.map (13KB)
_expo/static/js/web/PrivacySettingsScreen-ae42c80d83c3378c604224e5a67faf55.js (12KB)
_expo/static/js/web/PrivacySettingsScreen-ae42c80d83c3378c604224e5a67faf55.js.map (34KB)
_expo/static/js/web/ProfileScreen-b3f6c1cef576ceeef3ef119bccd87733.js (8.4KB)
_expo/static/js/web/ProfileScreen-b3f6c1cef576ceeef3ef119bccd87733.js.map (29KB)
_expo/static/js/web/pt-40067e0edf4bcec5d05c67856ab4c35c.js (67KB)
_expo/static/js/web/pt-40067e0edf4bcec5d05c67856ab4c35c.js.map (161KB)
_expo/static/js/web/pt-PT-e4834add42efd305592542e8db96af85.js (14KB)
_expo/static/js/web/pt-PT-e4834add42efd305592542e8db96af85.js.map (27KB)
_expo/static/js/web/recuse-3417c0be9a201a48ee88cdd0afbcb084.js (4.9KB)
_expo/static/js/web/recuse-3417c0be9a201a48ee88cdd0afbcb084.js.map (13KB)
_expo/static/js/web/reliability-39ee607301d920f6bd6c2dd2f9228cab.js (3.6KB)
_expo/static/js/web/reliability-39ee607301d920f6bd6c2dd2f9228cab.js.map (11KB)
_expo/static/js/web/review-03521c1e17a86a51240ad06cb9f3f206.js (35KB)
_expo/static/js/web/review-03521c1e17a86a51240ad06cb9f3f206.js.map (105KB)
_expo/static/js/web/ru-6701d44df7aa23e41a1acfd851dd5aaa.js (199KB)
_expo/static/js/web/ru-6701d44df7aa23e41a1acfd851dd5aaa.js.map (191KB)
_expo/static/js/web/SearchSettingsScreen-01bc2fa01bd2be32ac5022ca3f9b446d.js (2.6KB)
_expo/static/js/web/SearchSettingsScreen-01bc2fa01bd2be32ac5022ca3f9b446d.js.map (8.6KB)
_expo/static/js/web/SecureStore-0bbab791c9503f7484fea6a15f5312b1.js (2.6KB)
_expo/static/js/web/SecureStore-0bbab791c9503f7484fea6a15f5312b1.js.map (9.9KB)
_expo/static/js/web/sign-in-5aacc5d255f636f93cb746ce2aecae86.js (1.7KB)
_expo/static/js/web/sign-in-5aacc5d255f636f93cb746ce2aecae86.js.map (5.6KB)
_expo/static/js/web/SignInAuthenticatorScreen-c97fd74f57e761154f8eaf6810dcf621.js (471B)
_expo/static/js/web/SignInAuthenticatorScreen-c97fd74f57e761154f8eaf6810dcf621.js.map (1.5KB)
_expo/static/js/web/SignInPasswordScreen-8acbac030a44deb88e46ad148e90eff6.js (506B)
_expo/static/js/web/SignInPasswordScreen-8acbac030a44deb88e46ad148e90eff6.js.map (1.6KB)
_expo/static/js/web/tr-18f58769e347ed2be7fc59ac8504be65.js (72KB)
_expo/static/js/web/tr-18f58769e347ed2be7fc59ac8504be65.js.map (156KB)
_expo/static/js/web/training-71a114d71a6c8706aa8522f0f9540d5f.js (6.6KB)
_expo/static/js/web/training-71a114d71a6c8706aa8522f0f9540d5f.js.map (20KB)
_expo/static/js/web/TrustAboutScreen-f6c0ce6cead6c860b8f781e11f1700c9.js (5.1KB)
_expo/static/js/web/TrustAboutScreen-f6c0ce6cead6c860b8f781e11f1700c9.js.map (11KB)
_expo/static/js/web/TrustCenterScreen-2872f5855e0d24faa1692e48bac0a3b9.js (4.6KB)
_expo/static/js/web/TrustCenterScreen-2872f5855e0d24faa1692e48bac0a3b9.js.map (14KB)
_expo/static/js/web/TrustFAQScreen-fa46ac66d71e9b5a333f8b6b5f69d0da.js (2KB)
_expo/static/js/web/TrustFAQScreen-fa46ac66d71e9b5a333f8b6b5f69d0da.js.map (6.5KB)
_expo/static/js/web/TrustLeaderboardScreen-9c9ea2a243ac876dc6be0f4a9f2ad9e5.js (4.5KB)
_expo/static/js/web/TrustLeaderboardScreen-9c9ea2a243ac876dc6be0f4a9f2ad9e5.js.map (15KB)
_expo/static/js/web/TrustRewardsScreen-f9db731c491efa997a005e1efdbc5845.js (9.5KB)
_expo/static/js/web/TrustRewardsScreen-f9db731c491efa997a005e1efdbc5845.js.map (28KB)
_expo/static/js/web/TrustRulesScreen-24b7db7514ae7da92c6d360efa28bb47.js (2.3KB)
_expo/static/js/web/TrustRulesScreen-24b7db7514ae7da92c6d360efa28bb47.js.map (7.8KB)
_expo/static/js/web/UserLinksScreen-cd57215839f92f28d622fb510d88370b.js (1.2KB)
_expo/static/js/web/UserLinksScreen-cd57215839f92f28d622fb510d88370b.js.map (4KB)
_expo/static/js/web/WelcomeNewUserScreen-4f99bd5763004502a6c2a42bae828187.js (8.8KB)
_expo/static/js/web/WelcomeNewUserScreen-4f99bd5763004502a6c2a42bae828187.js.map (29KB)
_expo/static/js/web/wellbeing-fb4addce7656a74592b48cb0c5f4ea25.js (8.8KB)
_expo/static/js/web/wellbeing-fb4addce7656a74592b48cb0c5f4ea25.js.map (23KB)
_expo/static/js/web/zh-7aead95fddb2f9aadca776803e44c459.js (81KB)
_expo/static/js/web/zh-7aead95fddb2f9aadca776803e44c459.js.map (151KB)
_expo/static/js/web/zh-CN-7b5dbc6be4ff90c7b152d3e7bca1f30b.js (18KB)
_expo/static/js/web/zh-CN-7b5dbc6be4ff90c7b152d3e7bca1f30b.js.map (26KB)

› Files (2):
index.html (3.8KB)
metadata.json (49B)

Exported: dist
