PASS unchanged inputs just before fixed deadline admit
PASS deferred Bun audit crossing exact deadline refuses
PASS deadline crossed after predicate before acceptance refuses
PASS invalid clock after audit refuses
PASS source-only import of installed target without lock change refuses
PASS new source file importing target refuses
PASS missing source/build binding refuses
PASS build config change refuses
PASS foreign image source refuses even with updated record hash
PASS ARM proof with included tooling refuses
PASS missing export record refuses
PASS missing reviewed runtime evidence refuses
PASS ignored executable module outside dependencies refuses
PASS ignored environment configuration refuses without reading its content
PASS ignored generated dist input refuses
PASS ordinary installed dependency directory stays outside source census
PASS arbitrary nested node_modules under application source refuses
PASS ignored installed directory symlink outside checkout refuses
PASS tracked symlink into outside payload refuses
19 PASS / 0 FAIL; all owned fixture directories removed
